[23Mai2026 12:22:49.136] [main/INFO] [cpw.mods.modlauncher.Launcher/MODLAUNCHER]: ModLauncher running: args [--launchTarget, forgeclientdev, --version, 21.1.224, --assetIndex, 17, --assetsDir, C:\\Users\\Laats\\.gradle\\caches\\neoformruntime\\assets, --gameDir, ., --fml.fmlVersion, 4.0.42, --fml.mcVersion, 1.21.1, --fml.neoForgeVersion, 21.1.224, --fml.neoFormVersion, 20240808.144430]
[23Mai2026 12:22:49.139] [main/INFO] [cpw.mods.modlauncher.Launcher/MODLAUNCHER]: JVM identified as Microsoft OpenJDK 64-Bit Server VM 21.0.9+10-LTS
[23Mai2026 12:22:49.140] [main/INFO] [cpw.mods.modlauncher.Launcher/MODLAUNCHER]: ModLauncher 11.0.5+main.901c6ea8 starting: java version 21.0.9 by Microsoft; OS Windows 10 arch amd64 version 10.0
[23Mai2026 12:22:49.292] [main/INFO] [net.neoforged.fml.loading.ImmediateWindowHandler/]: Loading ImmediateWindowProvider fmlearlywindow
[23Mai2026 12:22:49.484] [main/INFO] [EARLYDISPLAY/]: Trying GL version 4.6
[23Mai2026 12:22:49.632] [main/INFO] [EARLYDISPLAY/]: Requested GL version 4.6 got version 4.6
[23Mai2026 12:22:49.713] [main/INFO] [mixin/]: SpongePowered MIXIN Subsystem Version=0.8.7 Source=union:/C:/Users/Laats/.gradle/caches/modules-2/files-2.1/net.fabricmc/sponge-mixin/0.15.2+mixin.0.8.7/2af2f021d8e02a0220dc27a7a72b4666d66d44ca/sponge-mixin-0.15.2+mixin.0.8.7.jar%23138!/ Service=ModLauncher Env=CLIENT
[23Mai2026 12:22:49.905] [pool-2-thread-1/INFO] [EARLYDISPLAY/]: GL info: NVIDIA GeForce RTX 3050/PCIe/SSE2 GL version 4.6.0 NVIDIA 596.49, NVIDIA Corporation
[23Mai2026 12:22:50.132] [main/INFO] [net.neoforged.fml.loading.moddiscovery.locators.JarInJarDependencyLocator/]: Found 10 dependencies adding them to mods collection
[23Mai2026 12:22:50.134] [main/INFO] [net.neoforged.fml.loading.moddiscovery.ModDiscoverer/]: 
     Mod List:
		Name Version (Mod Id)

		Astral Dimension 1.9.2.1 (astral_dimension)
		Athena 4.0.0 (athena)
		Common Networking 1.0.18-1.21.1 (commonnetworking)
		GeckoLib 4 4.8.2 (geckolib)
		Journeymap 1.21.1-6.0.0-beta.52 (journeymap)
		JourneyMap API 2.0.0 (journeymap_api)
		Minecraft 1.21.1 (minecraft)
		NeoForge 21.1.224 (neoforge)
		Reliquary Reincarnations 2.0.62 (reliquary)
		Resourceful Lib 3.0.11 (resourcefullib)
		SimpleGPS 1.21.1-1.0.4 (simplegps)
		The Bumblezone 7.11.6+1.21.1-neoforge (the_bumblezone)
		The Twilight Forest 4.7.3196 (twilightforest)
		The Undergarden 0.9.3 (undergarden)
[23Mai2026 12:22:51.168] [main/INFO] [mixin/]: Compatibility level set to JAVA_17
[23Mai2026 12:22:51.171] [main/INFO] [mixin/]: Compatibility level set to JAVA_21
[23Mai2026 12:22:51.191] [main/INFO] [cpw.mods.modlauncher.LaunchServiceHandler/MODLAUNCHER]: Launching target 'forgeclientdev' with arguments [--version, 21.1.224, --gameDir, ., --assetsDir, C:\Users\Laats\.gradle\caches\neoformruntime\assets, --assetIndex, 17]
[23Mai2026 12:22:51.280] [main/WARN] [mixin/]: Reference map 'geckolib.refmap.json' for geckolib.mixins.json could not be read. If this is a development environment you can ignore this message
[23Mai2026 12:22:51.282] [main/WARN] [mixin/]: Reference map 'journeymap-refmap.json' for journeymap.mixins.json could not be read. If this is a development environment you can ignore this message
[23Mai2026 12:22:51.958] [main/INFO] [MixinExtras|Service/]: Initializing MixinExtras via com.llamalad7.mixinextras.service.MixinExtrasServiceImpl(version=0.5.3).
[23Mai2026 12:22:53.589] [Datafixer Bootstrap/INFO] [com.mojang.datafixers.DataFixerBuilder/]: 229 Datafixer optimizations took 334 milliseconds
[23Mai2026 12:22:58.715] [main/WARN] [net.minecraft.commands.Commands/]: Ambiguity between arguments [teleport, location] and [teleport, destination] with inputs: [0.1 -0.5 .9, 0 0 0]
[23Mai2026 12:22:58.716] [main/WARN] [net.minecraft.commands.Commands/]: Ambiguity between arguments [teleport, location] and [teleport, targets] with inputs: [0.1 -0.5 .9, 0 0 0]
[23Mai2026 12:22:58.717] [main/WARN] [net.minecraft.commands.Commands/]: Ambiguity between arguments [teleport, destination] and [teleport, targets] with inputs: [Player, 0123, @e, dd12be42-52a9-4a91-a8a1-11c01849e498]
[23Mai2026 12:22:58.718] [main/WARN] [net.minecraft.commands.Commands/]: Ambiguity between arguments [teleport, targets] and [teleport, destination] with inputs: [Player, 0123, dd12be42-52a9-4a91-a8a1-11c01849e498]
[23Mai2026 12:22:58.719] [main/WARN] [net.minecraft.commands.Commands/]: Ambiguity between arguments [teleport, targets, location] and [teleport, targets, destination] with inputs: [0.1 -0.5 .9, 0 0 0]
[23Mai2026 12:22:58.815] [Render thread/WARN] [net.minecraft.server.packs.VanillaPackResourcesBuilder/]: Assets URL 'union:/D:/%23%20Minecraft%20Modding/Spawner/SimpleGPS/build/moddev/artifacts/neoforge-21.1.224.jar%23196!/assets/.mcassetsroot' uses unexpected schema
[23Mai2026 12:22:58.815] [Render thread/WARN] [net.minecraft.server.packs.VanillaPackResourcesBuilder/]: Assets URL 'union:/D:/%23%20Minecraft%20Modding/Spawner/SimpleGPS/build/moddev/artifacts/neoforge-21.1.224.jar%23196!/data/.mcassetsroot' uses unexpected schema
[23Mai2026 12:22:58.836] [Render thread/INFO] [com.mojang.authlib.yggdrasil.YggdrasilAuthenticationService/]: Environment: Environment[sessionHost=https://sessionserver.mojang.com, servicesHost=https://api.minecraftservices.com, name=PROD]
[23Mai2026 12:22:58.842] [Render thread/INFO] [net.minecraft.client.Minecraft/]: Setting user: Dev
[23Mai2026 12:22:58.950] [Render thread/INFO] [net.minecraft.client.Minecraft/]: Backend library: LWJGL version 3.3.3+5
[23Mai2026 12:22:59.189] [modloading-worker-0/INFO] [twilightforest.beanification.BeanContext/]: Starting Bean Context
[23Mai2026 12:22:59.227] [modloading-worker-0/INFO] [net.neoforged.neoforge.common.NeoForgeMod/NEOFORGE-MOD]: NeoForge mod loading, version 21.1.224, for MC 1.21.1
[23Mai2026 12:22:59.371] [modloading-worker-0/INFO] [journeymap/]: Loaded null for service interface journeymap.api.services.WebMapService
[23Mai2026 12:22:59.373] [modloading-worker-0/INFO] [journeymap/]: Loaded journeymap.common.helpers.NeoForgeClientHooks@13409681 for service interface journeymap.api.services.ClientPlatformService
[23Mai2026 12:22:59.379] [modloading-worker-0/INFO] [journeymap/]: Loaded journeymap.common.helpers.NeoForgeHooks@4ccb000d for service interface journeymap.api.services.CommonPlatformService
[23Mai2026 12:22:59.612] [modloading-worker-0/INFO] [twilightforest.beanification.BeanContext/]: Bean Context loaded in 423 ms
[23Mai2026 12:23:05.014] [Render thread/INFO] [net.neoforged.neoforge.gametest.GameTestHooks/]: Enabled Gametest Namespaces: [simplegps]
[23Mai2026 12:23:05.200] [Render thread/INFO] [journeymap/]: Registering Keybinds
[23Mai2026 12:23:05.277] [Render thread/INFO] [net.minecraft.server.packs.resources.ReloadableResourceManager/]: Reloading ResourceManager: vanilla, mod_resources, mod/resourcefullib, mod/geckolib, mod/undergarden, mod/commonnetworking, mod/the_bumblezone, mod/simplegps, mod/twilightforest, mod/reliquary, mod/journeymap_api, mod/athena, mod/journeymap, mod/neoforge, mod/astral_dimension
[23Mai2026 12:23:05.301] [Worker-Main-7/INFO] [journeymap/]: Found @JourneyMapPlugin: journeymap.api.plugins.LoadedChunkOverlayPlugin
[23Mai2026 12:23:05.414] [NeoForge Version Check/INFO] [net.neoforged.fml.VersionChecker/]: [twilightforest] Starting version check at https://gh.tamaized.com/TeamTwilight/twilightforest/update.json?m=1.21.1&l=NeoForge&v=21.1.224
[23Mai2026 12:23:05.551] [Worker-Main-8/INFO] [net.minecraft.client.gui.font.providers.UnihexProvider/]: Found unifont_all_no_pua-15.1.05.hex, loading
[23Mai2026 12:23:05.655] [Worker-Main-14/INFO] [net.minecraft.client.gui.font.providers.UnihexProvider/]: Found unifont_jp_patch-15.1.05.hex, loading
[23Mai2026 12:23:05.768] [Render thread/INFO] [journeymap/]: Journeymap Initializing
[23Mai2026 12:23:05.830] [Worker-Main-14/WARN] [net.minecraft.client.renderer.texture.SpriteLoader/]: Texture astral_dimension:block/lucid_bell with size 64x35 limits mip level from 4 to 0
[23Mai2026 12:23:06.409] [NeoForge Version Check/INFO] [net.neoforged.fml.VersionChecker/]: [twilightforest] Found status: BETA Current: 4.7.3196 Target: null
[23Mai2026 12:23:06.409] [NeoForge Version Check/INFO] [net.neoforged.fml.VersionChecker/]: [journeymap] Starting version check at https://neoforge.curseupdate.com/32274/journeymap
[23Mai2026 12:23:06.486] [NeoForge Version Check/INFO] [net.neoforged.fml.VersionChecker/]: [journeymap] Found status: BETA Current: 1.21.1-6.0.0-beta.52 Target: 1.21.1-6.0.0-beta.52
[23Mai2026 12:23:06.601] [Worker-Main-11/WARN] [net.minecraft.client.resources.model.ModelBakery/]: Unable to load model: 'minecraft:amethyst_helmet' referenced from: astral_dimension:block/amethyst_helmet: java.io.FileNotFoundException: minecraft:models/amethyst_helmet.json
[23Mai2026 12:23:06.602] [Worker-Main-11/WARN] [net.minecraft.client.resources.model.ModelBakery/]: Unable to load model: 'minecraft:amethyst_lantern' referenced from: astral_dimension:block/amethyst_lantern: java.io.FileNotFoundException: minecraft:models/amethyst_lantern.json
[23Mai2026 12:23:06.603] [Worker-Main-11/WARN] [net.minecraft.client.resources.model.ModelBakery/]: Unable to load model: 'minecraft:fiery_cactus' referenced from: astral_dimension:block/fiery_cactus: java.io.FileNotFoundException: minecraft:models/fiery_cactus.json
[23Mai2026 12:23:06.604] [Worker-Main-11/WARN] [net.minecraft.client.resources.model.ModelBakery/]: Unable to load model: 'minecraft:void_worm_egg' referenced from: astral_dimension:block/void_worm_egg: java.io.FileNotFoundException: minecraft:models/void_worm_egg.json
[23Mai2026 12:23:06.617] [Worker-Main-11/WARN] [net.minecraft.client.resources.model.ModelBakery/]: Unable to load model: 'minecraft:shade_chest' referenced from: astral_dimension:block/shade_chest: java.io.FileNotFoundException: minecraft:models/shade_chest.json
[23Mai2026 12:23:06.628] [Worker-Main-11/WARN] [net.minecraft.client.resources.model.ModelBakery/]: Unable to load model: 'minecraft:astranite_cauldron' referenced from: astral_dimension:block/astranite_cauldron: java.io.FileNotFoundException: minecraft:models/astranite_cauldron.json
[23Mai2026 12:23:06.628] [Worker-Main-11/WARN] [net.minecraft.client.resources.model.ModelBakery/]: Unable to load model: 'minecraft:solar_shrub' referenced from: astral_dimension:block/solar_shrub: java.io.FileNotFoundException: minecraft:models/solar_shrub.json
[23Mai2026 12:23:06.630] [Worker-Main-11/WARN] [net.minecraft.client.resources.model.ModelBakery/]: Unable to load model: 'minecraft:large_solar_shrub' referenced from: astral_dimension:block/large_solar_shrub: java.io.FileNotFoundException: minecraft:models/large_solar_shrub.json
[23Mai2026 12:23:06.630] [Worker-Main-11/WARN] [net.minecraft.client.resources.model.ModelBakery/]: Unable to load model: 'minecraft:firestorm_egg' referenced from: astral_dimension:block/firestorm_egg: java.io.FileNotFoundException: minecraft:models/firestorm_egg.json
[23Mai2026 12:23:06.641] [Worker-Main-11/WARN] [net.minecraft.client.resources.model.ModelBakery/]: Unable to load model: 'minecraft:hot_cake' referenced from: astral_dimension:block/hot_cake: java.io.FileNotFoundException: minecraft:models/hot_cake.json
[23Mai2026 12:23:06.641] [Worker-Main-11/WARN] [net.minecraft.client.resources.model.ModelBakery/]: Unable to load model: 'minecraft:hot_cake_2' referenced from: astral_dimension:block/hot_cake_2: java.io.FileNotFoundException: minecraft:models/hot_cake_2.json
[23Mai2026 12:23:06.641] [Worker-Main-11/WARN] [net.minecraft.client.resources.model.ModelBakery/]: Unable to load model: 'minecraft:hot_cake_3' referenced from: astral_dimension:block/hot_cake_3: java.io.FileNotFoundException: minecraft:models/hot_cake_3.json
[23Mai2026 12:23:06.641] [Worker-Main-11/WARN] [net.minecraft.client.resources.model.ModelBakery/]: Unable to load model: 'minecraft:hot_cake_4' referenced from: astral_dimension:block/hot_cake_4: java.io.FileNotFoundException: minecraft:models/hot_cake_4.json
[23Mai2026 12:23:06.641] [Worker-Main-11/WARN] [net.minecraft.client.resources.model.ModelBakery/]: Unable to load model: 'minecraft:hot_cake_5' referenced from: astral_dimension:block/hot_cake_5: java.io.FileNotFoundException: minecraft:models/hot_cake_5.json
[23Mai2026 12:23:06.642] [Worker-Main-11/WARN] [net.minecraft.client.resources.model.ModelBakery/]: Unable to load model: 'minecraft:sparkly_cake' referenced from: astral_dimension:block/sparkly_cake: java.io.FileNotFoundException: minecraft:models/sparkly_cake.json
[23Mai2026 12:23:06.642] [Worker-Main-11/WARN] [net.minecraft.client.resources.model.ModelBakery/]: Unable to load model: 'minecraft:sparkly_cake_2' referenced from: astral_dimension:block/sparkly_cake_2: java.io.FileNotFoundException: minecraft:models/sparkly_cake_2.json
[23Mai2026 12:23:06.642] [Worker-Main-11/WARN] [net.minecraft.client.resources.model.ModelBakery/]: Unable to load model: 'minecraft:sparkly_cake_3' referenced from: astral_dimension:block/sparkly_cake_3: java.io.FileNotFoundException: minecraft:models/sparkly_cake_3.json
[23Mai2026 12:23:06.642] [Worker-Main-11/WARN] [net.minecraft.client.resources.model.ModelBakery/]: Unable to load model: 'minecraft:sparkly_cake_4' referenced from: astral_dimension:block/sparkly_cake_4: java.io.FileNotFoundException: minecraft:models/sparkly_cake_4.json
[23Mai2026 12:23:06.642] [Worker-Main-11/WARN] [net.minecraft.client.resources.model.ModelBakery/]: Unable to load model: 'minecraft:sparkly_cake_5' referenced from: astral_dimension:block/sparkly_cake_5: java.io.FileNotFoundException: minecraft:models/sparkly_cake_5.json
[23Mai2026 12:23:06.642] [Worker-Main-11/WARN] [net.minecraft.client.resources.model.ModelBakery/]: Unable to load model: 'minecraft:ghoulish_pie' referenced from: astral_dimension:block/ghoulish_pie: java.io.FileNotFoundException: minecraft:models/ghoulish_pie.json
[23Mai2026 12:23:06.642] [Worker-Main-11/WARN] [net.minecraft.client.resources.model.ModelBakery/]: Unable to load model: 'minecraft:ghoulish_pie_2' referenced from: astral_dimension:block/ghoulish_pie_2: java.io.FileNotFoundException: minecraft:models/ghoulish_pie_2.json
[23Mai2026 12:23:06.642] [Worker-Main-11/WARN] [net.minecraft.client.resources.model.ModelBakery/]: Unable to load model: 'minecraft:ghoulish_pie_3' referenced from: astral_dimension:block/ghoulish_pie_3: java.io.FileNotFoundException: minecraft:models/ghoulish_pie_3.json
[23Mai2026 12:23:06.642] [Worker-Main-11/WARN] [net.minecraft.client.resources.model.ModelBakery/]: Unable to load model: 'minecraft:ghoulish_pie_4' referenced from: astral_dimension:block/ghoulish_pie_4: java.io.FileNotFoundException: minecraft:models/ghoulish_pie_4.json
[23Mai2026 12:23:06.642] [Worker-Main-11/WARN] [net.minecraft.client.resources.model.ModelBakery/]: Unable to load model: 'minecraft:ghoulish_pie_5' referenced from: astral_dimension:block/ghoulish_pie_5: java.io.FileNotFoundException: minecraft:models/ghoulish_pie_5.json
[23Mai2026 12:23:06.643] [Worker-Main-11/WARN] [net.minecraft.client.resources.model.ModelBakery/]: Unable to load model: 'minecraft:magma_puffball' referenced from: astral_dimension:block/magma_puffball: java.io.FileNotFoundException: minecraft:models/magma_puffball.json
[23Mai2026 12:23:06.643] [Worker-Main-11/WARN] [net.minecraft.client.resources.model.ModelBakery/]: Unable to load model: 'minecraft:astranite_cage' referenced from: astral_dimension:block/astranite_cage: java.io.FileNotFoundException: minecraft:models/astranite_cage.json
[23Mai2026 12:23:06.660] [Worker-Main-11/WARN] [net.minecraft.client.resources.model.ModelBakery/]: Unable to load model: 'minecraft:megvin_egg' referenced from: astral_dimension:block/megvin_egg: java.io.FileNotFoundException: minecraft:models/megvin_egg.json
[23Mai2026 12:23:06.663] [Worker-Main-11/WARN] [net.minecraft.client.resources.model.ModelBakery/]: Unable to load model: 'minecraft:sewer_void_worm_egg' referenced from: astral_dimension:block/sewer_void_worm_egg: java.io.FileNotFoundException: minecraft:models/sewer_void_worm_egg.json
[23Mai2026 12:23:06.663] [Worker-Main-11/WARN] [net.minecraft.client.resources.model.ModelBakery/]: Unable to load model: 'minecraft:lucid_bell' referenced from: astral_dimension:block/lucid_bell: java.io.FileNotFoundException: minecraft:models/lucid_bell.json
[23Mai2026 12:23:06.666] [Worker-Main-11/WARN] [net.minecraft.client.resources.model.ModelBakery/]: Unable to load model: 'minecraft:supreme_altar' referenced from: astral_dimension:block/supreme_altar: java.io.FileNotFoundException: minecraft:models/supreme_altar.json
[23Mai2026 12:23:06.666] [Worker-Main-11/WARN] [net.minecraft.client.resources.model.ModelBakery/]: Unable to load model: 'minecraft:supreme_altar_ready' referenced from: astral_dimension:block/supreme_altar_ready: java.io.FileNotFoundException: minecraft:models/supreme_altar_ready.json
[23Mai2026 12:23:07.806] [Worker-Main-11/WARN] [net.minecraft.client.resources.model.ModelManager/]: Missing textures in model astral_dimension:sludge_plant_stage_3#inventory:
    minecraft:textures/atlas/blocks.png:astral_dimension:item/sludgy_seeds
[23Mai2026 12:23:07.807] [Worker-Main-11/WARN] [net.minecraft.client.resources.model.ModelManager/]: Missing textures in model astral_dimension:lucid_bell#facing=south:
    minecraft:textures/atlas/blocks.png:astral_dimension:block/
[23Mai2026 12:23:07.807] [Worker-Main-11/WARN] [net.minecraft.client.resources.model.ModelManager/]: Missing textures in model astral_dimension:lucid_bell#facing=east:
    minecraft:textures/atlas/blocks.png:astral_dimension:block/
[23Mai2026 12:23:07.807] [Worker-Main-11/WARN] [net.minecraft.client.resources.model.ModelManager/]: Missing textures in model astral_dimension:lucid_bell_cooldown#facing=west:
    minecraft:textures/atlas/blocks.png:astral_dimension:block/
[23Mai2026 12:23:07.808] [Worker-Main-11/WARN] [net.minecraft.client.resources.model.ModelManager/]: Missing textures in model astral_dimension:astral_trophy_spinning#inventory:
    minecraft:textures/atlas/blocks.png:minecraft:block/astral_trophy
[23Mai2026 12:23:07.808] [Worker-Main-11/WARN] [net.minecraft.client.resources.model.ModelManager/]: Missing textures in model astral_dimension:sludge_plant_stage_4#inventory:
    minecraft:textures/atlas/blocks.png:astral_dimension:item/sludgy_seeds
[23Mai2026 12:23:07.808] [Worker-Main-11/WARN] [net.minecraft.client.resources.model.ModelManager/]: Missing textures in model astral_dimension:sludge_plant_stage_2#inventory:
    minecraft:textures/atlas/blocks.png:astral_dimension:item/sludgy_seeds
[23Mai2026 12:23:07.808] [Worker-Main-11/WARN] [net.minecraft.client.resources.model.ModelManager/]: Missing textures in model astral_dimension:lucid_bell_cooldown#facing=east:
    minecraft:textures/atlas/blocks.png:astral_dimension:block/
[23Mai2026 12:23:07.808] [Worker-Main-11/WARN] [net.minecraft.client.resources.model.ModelManager/]: Missing textures in model astral_dimension:abandoned_wand#facing=north:
    minecraft:textures/atlas/blocks.png:astral_dimension:block/
[23Mai2026 12:23:07.808] [Worker-Main-11/WARN] [net.minecraft.client.resources.model.ModelManager/]: Missing textures in model astral_dimension:sludge_plant_stage_5#inventory:
    minecraft:textures/atlas/blocks.png:astral_dimension:item/sludgy_seeds
[23Mai2026 12:23:07.808] [Worker-Main-11/WARN] [net.minecraft.client.resources.model.ModelManager/]: Missing textures in model astral_dimension:lucid_bell#facing=north:
    minecraft:textures/atlas/blocks.png:astral_dimension:block/
[23Mai2026 12:23:07.808] [Worker-Main-11/WARN] [net.minecraft.client.resources.model.ModelManager/]: Missing textures in model astral_dimension:sewer_void_worm_egg#:
    minecraft:textures/atlas/blocks.png:astral_dimension:block/
[23Mai2026 12:23:07.808] [Worker-Main-11/WARN] [net.minecraft.client.resources.model.ModelManager/]: Missing textures in model astral_dimension:lucid_bell_cooldown#facing=north:
    minecraft:textures/atlas/blocks.png:astral_dimension:block/
[23Mai2026 12:23:07.808] [Worker-Main-11/WARN] [net.minecraft.client.resources.model.ModelManager/]: Missing textures in model astral_dimension:lucid_bell_cooldown#facing=south:
    minecraft:textures/atlas/blocks.png:astral_dimension:block/
[23Mai2026 12:23:07.808] [Worker-Main-11/WARN] [net.minecraft.client.resources.model.ModelManager/]: Missing textures in model astral_dimension:abandoned_wand#facing=south:
    minecraft:textures/atlas/blocks.png:astral_dimension:block/
[23Mai2026 12:23:07.808] [Worker-Main-11/WARN] [net.minecraft.client.resources.model.ModelManager/]: Missing textures in model astral_dimension:abandoned_wand#facing=east:
    minecraft:textures/atlas/blocks.png:astral_dimension:block/
[23Mai2026 12:23:07.808] [Worker-Main-11/WARN] [net.minecraft.client.resources.model.ModelManager/]: Missing textures in model astral_dimension:lucid_bell#facing=west:
    minecraft:textures/atlas/blocks.png:astral_dimension:block/
[23Mai2026 12:23:07.808] [Worker-Main-11/WARN] [net.minecraft.client.resources.model.ModelManager/]: Missing textures in model astral_dimension:abandoned_wand#facing=west:
    minecraft:textures/atlas/blocks.png:astral_dimension:block/
[23Mai2026 12:23:08.637] [Render thread/WARN] [net.minecraft.client.sounds.SoundEngine/]: Missing sound for event: minecraft:item.goat_horn.play
[23Mai2026 12:23:08.637] [Render thread/WARN] [net.minecraft.client.sounds.SoundEngine/]: Missing sound for event: minecraft:entity.goat.screaming.horn_break
[23Mai2026 12:23:08.702] [Render thread/INFO] [com.mojang.blaze3d.audio.Library/]: OpenAL initialized on device OpenAL Soft on Voicemeeter Input (VB-Audio Voicemeeter VAIO)
[23Mai2026 12:23:08.703] [Render thread/INFO] [net.minecraft.client.sounds.SoundEngine/SOUNDS]: Sound engine started
[23Mai2026 12:23:08.824] [Render thread/INFO] [net.minecraft.client.renderer.texture.TextureAtlas/]: Created: 2048x1024x4 minecraft:textures/atlas/blocks.png-atlas
[23Mai2026 12:23:08.837] [Render thread/INFO] [net.minecraft.client.renderer.texture.TextureAtlas/]: Created: 512x256x4 minecraft:textures/atlas/signs.png-atlas
[23Mai2026 12:23:08.837] [Render thread/INFO] [net.minecraft.client.renderer.texture.TextureAtlas/]: Created: 512x512x4 minecraft:textures/atlas/banner_patterns.png-atlas
[23Mai2026 12:23:08.837] [Render thread/INFO] [net.minecraft.client.renderer.texture.TextureAtlas/]: Created: 512x512x4 minecraft:textures/atlas/shield_patterns.png-atlas
[23Mai2026 12:23:08.838] [Render thread/INFO] [net.minecraft.client.renderer.texture.TextureAtlas/]: Created: 2048x1024x4 minecraft:textures/atlas/armor_trims.png-atlas
[23Mai2026 12:23:08.842] [Render thread/INFO] [net.minecraft.client.renderer.texture.TextureAtlas/]: Created: 128x64x4 minecraft:textures/atlas/decorated_pot.png-atlas
[23Mai2026 12:23:08.842] [Render thread/INFO] [net.minecraft.client.renderer.texture.TextureAtlas/]: Created: 512x512x4 minecraft:textures/atlas/chest.png-atlas
[23Mai2026 12:23:08.843] [Render thread/INFO] [net.minecraft.client.renderer.texture.TextureAtlas/]: Created: 512x256x4 minecraft:textures/atlas/shulker_boxes.png-atlas
[23Mai2026 12:23:08.843] [Render thread/INFO] [net.minecraft.client.renderer.texture.TextureAtlas/]: Created: 512x256x4 minecraft:textures/atlas/beds.png-atlas
[23Mai2026 12:23:08.967] [Render thread/INFO] [net.minecraft.client.renderer.texture.TextureAtlas/]: Created: 512x256x0 minecraft:textures/atlas/particles.png-atlas
[23Mai2026 12:23:08.970] [Render thread/INFO] [net.minecraft.client.renderer.texture.TextureAtlas/]: Created: 512x256x0 minecraft:textures/atlas/paintings.png-atlas
[23Mai2026 12:23:08.970] [Render thread/INFO] [net.minecraft.client.renderer.texture.TextureAtlas/]: Created: 256x128x0 minecraft:textures/atlas/mob_effects.png-atlas
[23Mai2026 12:23:08.971] [Render thread/INFO] [net.minecraft.client.renderer.texture.TextureAtlas/]: Created: 64x64x0 minecraft:textures/atlas/map_decorations.png-atlas
[23Mai2026 12:23:08.971] [Render thread/INFO] [net.minecraft.client.renderer.texture.TextureAtlas/]: Created: 1024x512x0 minecraft:textures/atlas/gui.png-atlas
[23Mai2026 12:23:08.992] [Render thread/WARN] [net.minecraft.client.renderer.ShaderInstance/]: Shader rendertype_entity_translucent_emissive could not find sampler named Sampler2 in the specified shader program.
[23Mai2026 12:23:09.027] [Render thread/WARN] [net.minecraft.client.renderer.ShaderInstance/]: Shader journeymap:sepia_3 could not find uniform named ColorModulator in the specified shader program.
[23Mai2026 12:23:09.028] [Render thread/WARN] [net.minecraft.client.renderer.ShaderInstance/]: Shader journeymap:sepia_2 could not find uniform named ColorModulator in the specified shader program.
[23Mai2026 12:23:09.029] [Render thread/WARN] [net.minecraft.client.renderer.ShaderInstance/]: Shader journeymap:sepia_1 could not find uniform named ColorModulator in the specified shader program.
[23Mai2026 12:23:09.038] [Render thread/INFO] [net.minecraft.client.renderer.texture.TextureAtlas/]: Created: 512x512x0 twilightforest:textures/atlas/magic_paintings.png-atlas
[23Mai2026 12:23:09.044] [Render thread/INFO] [net.neoforged.neoforge.client.entity.animation.json.AnimationLoader/]: Loaded 0 entity animations
[23Mai2026 12:24:58.180] [Render thread/INFO] [net.minecraft.world.item.crafting.RecipeManager/]: Loaded 2754 recipes
[23Mai2026 12:24:58.406] [Render thread/INFO] [net.minecraft.advancements.AdvancementTree/]: Loaded 2543 advancements
[23Mai2026 12:25:00.918] [Server thread/INFO] [net.minecraft.client.server.IntegratedServer/]: Starting integrated minecraft server version 1.21.1
[23Mai2026 12:25:00.919] [Server thread/INFO] [net.minecraft.server.MinecraftServer/]: Generating keypair
[23Mai2026 12:25:01.020] [Server thread/WARN] [net.neoforged.neoforge.server.ServerLifecycleHooks/]: Detected minecraft:magma_cube that was registered with MONSTER mob category but was added under CREATURE mob category for astral_dimension:fiery_birch_forest biome! Mobs should be added to biomes under the same mob category that the mob was registered as to prevent mob cap spawning issues.
[23Mai2026 12:25:01.020] [Server thread/WARN] [net.neoforged.neoforge.server.ServerLifecycleHooks/]: Detected minecraft:magma_cube that was registered with MONSTER mob category but was added under CREATURE mob category for astral_dimension:fiery_forest biome! Mobs should be added to biomes under the same mob category that the mob was registered as to prevent mob cap spawning issues.
[23Mai2026 12:25:01.033] [Server thread/WARN] [net.neoforged.neoforge.server.ServerLifecycleHooks/]: Detected minecraft:magma_cube that was registered with MONSTER mob category but was added under CREATURE mob category for astral_dimension:soul_fiery_forest biome! Mobs should be added to biomes under the same mob category that the mob was registered as to prevent mob cap spawning issues.
[23Mai2026 12:25:01.785] [Server thread/INFO] [net.minecraft.server.MinecraftServer/]: Preparing start region for dimension minecraft:overworld
[23Mai2026 12:25:02.093] [progressListener/INFO] [net.minecraft.server.level.progress.LoggerChunkProgressListener/]: Einstiegsbereich wird vorbereitet: 0 %
[23Mai2026 12:25:02.244] [Server thread/INFO] [net.neoforged.neoforge.server.permission.PermissionAPI/]: Successfully initialized permission handler neoforge:default_handler
[23Mai2026 12:25:02.246] [Server thread/WARN] [net.neoforged.neoforge.common.TagConventionLogWarning/]: 
   Dev warning - Legacy Tags detected. Please migrate your 'forge' namespace tags to the 'c' namespace! See net.neoforged.neoforge.common.Tags.java for all tags.
   NOTE: Many tags have been moved around or renamed. Some new ones were added so please review the new tags.
    And make sure you follow tag conventions for new tags! The convention is `c` with nouns generally being plural and adjectives being singular.
   You can disable this message in NeoForge's common config by setting `logLegacyTagWarnings` to "SILENCED" or see individual tags with "DEV_VERBOSE".

[23Mai2026 12:25:02.257] [progressListener/INFO] [net.minecraft.server.level.progress.LoggerChunkProgressListener/]: Time elapsed: 463 ms
[23Mai2026 12:25:02.311] [Server thread/INFO] [net.minecraft.client.server.IntegratedServer/]: Changing view distance to 12, from 10
[23Mai2026 12:25:02.312] [Server thread/INFO] [net.minecraft.client.server.IntegratedServer/]: Changing simulation distance to 12, from 0
[23Mai2026 12:25:03.126] [Server thread/INFO] [net.minecraft.server.players.PlayerList/]: Dev[local:E:e0461225] logged in with entity id 42 at (-14.089308902303626, 63.0, 58.48224138358966)
[23Mai2026 12:25:03.218] [Server thread/INFO] [net.minecraft.server.MinecraftServer/]: Dev hat das Spiel betreten
[23Mai2026 12:25:03.736] [Render thread/INFO] [net.minecraft.advancements.AdvancementTree/]: Loaded 203 advancements
[23Mai2026 12:25:05.409] [Render thread/INFO] [net.minecraft.client.gui.components.ChatComponent/]: [System] [CHAT] JourneyMap: Drücke [J]
[23Mai2026 12:25:07.751] [Render thread/INFO] [net.minecraft.client.gui.components.ChatComponent/]: [System] [CHAT] [GPS] Navigiere zu: 9
[23Mai2026 12:25:14.163] [Server thread/INFO] [net.minecraft.client.server.IntegratedServer/]: Saving and pausing game...
[23Mai2026 12:25:14.178] [Server thread/INFO] [net.minecraft.server.MinecraftServer/]: Saving chunks for level 'ServerLevel[Test]'/minecraft:overworld
[23Mai2026 12:25:14.195] [Server thread/INFO] [net.minecraft.server.MinecraftServer/]: Saving chunks for level 'ServerLevel[Test]'/undergarden:undergarden
[23Mai2026 12:25:14.195] [Server thread/INFO] [net.minecraft.server.MinecraftServer/]: Saving chunks for level 'ServerLevel[Test]'/astral_dimension:astral_dimension
[23Mai2026 12:25:14.196] [Server thread/INFO] [net.minecraft.server.MinecraftServer/]: Saving chunks for level 'ServerLevel[Test]'/the_bumblezone:the_bumblezone
[23Mai2026 12:25:14.196] [Server thread/INFO] [net.minecraft.server.MinecraftServer/]: Saving chunks for level 'ServerLevel[Test]'/minecraft:the_end
[23Mai2026 12:25:14.196] [Server thread/INFO] [net.minecraft.server.MinecraftServer/]: Saving chunks for level 'ServerLevel[Test]'/twilightforest:twilight_forest
[23Mai2026 12:25:14.196] [Server thread/INFO] [net.minecraft.server.MinecraftServer/]: Saving chunks for level 'ServerLevel[Test]'/minecraft:the_nether
[23Mai2026 12:25:14.196] [Server thread/INFO] [net.minecraft.server.MinecraftServer/]: Saving chunks for level 'ServerLevel[Test]'/astral_dimension:setback
[23Mai2026 12:25:26.943] [Render thread/INFO] [net.minecraft.server.packs.resources.ReloadableResourceManager/]: Reloading ResourceManager: vanilla, mod_resources, mod/resourcefullib, mod/geckolib, mod/undergarden, mod/commonnetworking, mod/the_bumblezone, mod/simplegps, mod/twilightforest, mod/reliquary, mod/journeymap_api, mod/athena, mod/journeymap, mod/neoforge, mod/astral_dimension
[23Mai2026 12:25:26.949] [Worker-Main-12/INFO] [net.minecraft.client.gui.font.providers.UnihexProvider/]: Found unifont_all_no_pua-15.1.05.hex, loading
[23Mai2026 12:25:26.956] [Worker-Main-14/INFO] [net.minecraft.client.gui.font.providers.UnihexProvider/]: Found unifont_jp_patch-15.1.05.hex, loading
[23Mai2026 12:25:27.114] [Worker-Main-4/WARN] [net.minecraft.client.renderer.texture.SpriteLoader/]: Texture astral_dimension:block/lucid_bell with size 64x35 limits mip level from 4 to 0
[23Mai2026 12:25:27.696] [Worker-Main-14/WARN] [net.minecraft.client.resources.model.ModelBakery/]: Unable to load model: 'minecraft:amethyst_helmet' referenced from: astral_dimension:block/amethyst_helmet: java.io.FileNotFoundException: minecraft:models/amethyst_helmet.json
[23Mai2026 12:25:27.696] [Worker-Main-14/WARN] [net.minecraft.client.resources.model.ModelBakery/]: Unable to load model: 'minecraft:amethyst_lantern' referenced from: astral_dimension:block/amethyst_lantern: java.io.FileNotFoundException: minecraft:models/amethyst_lantern.json
[23Mai2026 12:25:27.697] [Worker-Main-14/WARN] [net.minecraft.client.resources.model.ModelBakery/]: Unable to load model: 'minecraft:fiery_cactus' referenced from: astral_dimension:block/fiery_cactus: java.io.FileNotFoundException: minecraft:models/fiery_cactus.json
[23Mai2026 12:25:27.697] [Worker-Main-14/WARN] [net.minecraft.client.resources.model.ModelBakery/]: Unable to load model: 'minecraft:void_worm_egg' referenced from: astral_dimension:block/void_worm_egg: java.io.FileNotFoundException: minecraft:models/void_worm_egg.json
[23Mai2026 12:25:27.709] [Worker-Main-14/WARN] [net.minecraft.client.resources.model.ModelBakery/]: Unable to load model: 'minecraft:shade_chest' referenced from: astral_dimension:block/shade_chest: java.io.FileNotFoundException: minecraft:models/shade_chest.json
[23Mai2026 12:25:27.717] [Worker-Main-14/WARN] [net.minecraft.client.resources.model.ModelBakery/]: Unable to load model: 'minecraft:astranite_cauldron' referenced from: astral_dimension:block/astranite_cauldron: java.io.FileNotFoundException: minecraft:models/astranite_cauldron.json
[23Mai2026 12:25:27.717] [Worker-Main-14/WARN] [net.minecraft.client.resources.model.ModelBakery/]: Unable to load model: 'minecraft:solar_shrub' referenced from: astral_dimension:block/solar_shrub: java.io.FileNotFoundException: minecraft:models/solar_shrub.json
[23Mai2026 12:25:27.718] [Worker-Main-14/WARN] [net.minecraft.client.resources.model.ModelBakery/]: Unable to load model: 'minecraft:large_solar_shrub' referenced from: astral_dimension:block/large_solar_shrub: java.io.FileNotFoundException: minecraft:models/large_solar_shrub.json
[23Mai2026 12:25:27.719] [Worker-Main-14/WARN] [net.minecraft.client.resources.model.ModelBakery/]: Unable to load model: 'minecraft:firestorm_egg' referenced from: astral_dimension:block/firestorm_egg: java.io.FileNotFoundException: minecraft:models/firestorm_egg.json
[23Mai2026 12:25:27.719] [Worker-Main-14/WARN] [net.minecraft.client.resources.model.ModelBakery/]: Unable to load model: 'minecraft:hot_cake' referenced from: astral_dimension:block/hot_cake: java.io.FileNotFoundException: minecraft:models/hot_cake.json
[23Mai2026 12:25:27.719] [Worker-Main-14/WARN] [net.minecraft.client.resources.model.ModelBakery/]: Unable to load model: 'minecraft:hot_cake_2' referenced from: astral_dimension:block/hot_cake_2: java.io.FileNotFoundException: minecraft:models/hot_cake_2.json
[23Mai2026 12:25:27.719] [Worker-Main-14/WARN] [net.minecraft.client.resources.model.ModelBakery/]: Unable to load model: 'minecraft:hot_cake_3' referenced from: astral_dimension:block/hot_cake_3: java.io.FileNotFoundException: minecraft:models/hot_cake_3.json
[23Mai2026 12:25:27.719] [Worker-Main-14/WARN] [net.minecraft.client.resources.model.ModelBakery/]: Unable to load model: 'minecraft:hot_cake_4' referenced from: astral_dimension:block/hot_cake_4: java.io.FileNotFoundException: minecraft:models/hot_cake_4.json
[23Mai2026 12:25:27.719] [Worker-Main-14/WARN] [net.minecraft.client.resources.model.ModelBakery/]: Unable to load model: 'minecraft:hot_cake_5' referenced from: astral_dimension:block/hot_cake_5: java.io.FileNotFoundException: minecraft:models/hot_cake_5.json
[23Mai2026 12:25:27.719] [Worker-Main-14/WARN] [net.minecraft.client.resources.model.ModelBakery/]: Unable to load model: 'minecraft:sparkly_cake' referenced from: astral_dimension:block/sparkly_cake: java.io.FileNotFoundException: minecraft:models/sparkly_cake.json
[23Mai2026 12:25:27.719] [Worker-Main-14/WARN] [net.minecraft.client.resources.model.ModelBakery/]: Unable to load model: 'minecraft:sparkly_cake_2' referenced from: astral_dimension:block/sparkly_cake_2: java.io.FileNotFoundException: minecraft:models/sparkly_cake_2.json
[23Mai2026 12:25:27.719] [Worker-Main-14/WARN] [net.minecraft.client.resources.model.ModelBakery/]: Unable to load model: 'minecraft:sparkly_cake_3' referenced from: astral_dimension:block/sparkly_cake_3: java.io.FileNotFoundException: minecraft:models/sparkly_cake_3.json
[23Mai2026 12:25:27.719] [Worker-Main-14/WARN] [net.minecraft.client.resources.model.ModelBakery/]: Unable to load model: 'minecraft:sparkly_cake_4' referenced from: astral_dimension:block/sparkly_cake_4: java.io.FileNotFoundException: minecraft:models/sparkly_cake_4.json
[23Mai2026 12:25:27.720] [Worker-Main-14/WARN] [net.minecraft.client.resources.model.ModelBakery/]: Unable to load model: 'minecraft:sparkly_cake_5' referenced from: astral_dimension:block/sparkly_cake_5: java.io.FileNotFoundException: minecraft:models/sparkly_cake_5.json
[23Mai2026 12:25:27.720] [Worker-Main-14/WARN] [net.minecraft.client.resources.model.ModelBakery/]: Unable to load model: 'minecraft:ghoulish_pie' referenced from: astral_dimension:block/ghoulish_pie: java.io.FileNotFoundException: minecraft:models/ghoulish_pie.json
[23Mai2026 12:25:27.720] [Worker-Main-14/WARN] [net.minecraft.client.resources.model.ModelBakery/]: Unable to load model: 'minecraft:ghoulish_pie_2' referenced from: astral_dimension:block/ghoulish_pie_2: java.io.FileNotFoundException: minecraft:models/ghoulish_pie_2.json
[23Mai2026 12:25:27.720] [Worker-Main-14/WARN] [net.minecraft.client.resources.model.ModelBakery/]: Unable to load model: 'minecraft:ghoulish_pie_3' referenced from: astral_dimension:block/ghoulish_pie_3: java.io.FileNotFoundException: minecraft:models/ghoulish_pie_3.json
[23Mai2026 12:25:27.720] [Worker-Main-14/WARN] [net.minecraft.client.resources.model.ModelBakery/]: Unable to load model: 'minecraft:ghoulish_pie_4' referenced from: astral_dimension:block/ghoulish_pie_4: java.io.FileNotFoundException: minecraft:models/ghoulish_pie_4.json
[23Mai2026 12:25:27.720] [Worker-Main-14/WARN] [net.minecraft.client.resources.model.ModelBakery/]: Unable to load model: 'minecraft:ghoulish_pie_5' referenced from: astral_dimension:block/ghoulish_pie_5: java.io.FileNotFoundException: minecraft:models/ghoulish_pie_5.json
[23Mai2026 12:25:27.720] [Worker-Main-14/WARN] [net.minecraft.client.resources.model.ModelBakery/]: Unable to load model: 'minecraft:magma_puffball' referenced from: astral_dimension:block/magma_puffball: java.io.FileNotFoundException: minecraft:models/magma_puffball.json
[23Mai2026 12:25:27.720] [Worker-Main-14/WARN] [net.minecraft.client.resources.model.ModelBakery/]: Unable to load model: 'minecraft:astranite_cage' referenced from: astral_dimension:block/astranite_cage: java.io.FileNotFoundException: minecraft:models/astranite_cage.json
[23Mai2026 12:25:27.734] [Worker-Main-14/WARN] [net.minecraft.client.resources.model.ModelBakery/]: Unable to load model: 'minecraft:megvin_egg' referenced from: astral_dimension:block/megvin_egg: java.io.FileNotFoundException: minecraft:models/megvin_egg.json
[23Mai2026 12:25:27.736] [Worker-Main-14/WARN] [net.minecraft.client.resources.model.ModelBakery/]: Unable to load model: 'minecraft:sewer_void_worm_egg' referenced from: astral_dimension:block/sewer_void_worm_egg: java.io.FileNotFoundException: minecraft:models/sewer_void_worm_egg.json
[23Mai2026 12:25:27.736] [Worker-Main-14/WARN] [net.minecraft.client.resources.model.ModelBakery/]: Unable to load model: 'minecraft:lucid_bell' referenced from: astral_dimension:block/lucid_bell: java.io.FileNotFoundException: minecraft:models/lucid_bell.json
[23Mai2026 12:25:27.738] [Worker-Main-14/WARN] [net.minecraft.client.resources.model.ModelBakery/]: Unable to load model: 'minecraft:supreme_altar' referenced from: astral_dimension:block/supreme_altar: java.io.FileNotFoundException: minecraft:models/supreme_altar.json
[23Mai2026 12:25:27.738] [Worker-Main-14/WARN] [net.minecraft.client.resources.model.ModelBakery/]: Unable to load model: 'minecraft:supreme_altar_ready' referenced from: astral_dimension:block/supreme_altar_ready: java.io.FileNotFoundException: minecraft:models/supreme_altar_ready.json
[23Mai2026 12:25:28.809] [Worker-Main-14/WARN] [net.minecraft.client.resources.model.ModelManager/]: Missing textures in model astral_dimension:sludge_plant_stage_3#inventory:
    minecraft:textures/atlas/blocks.png:astral_dimension:item/sludgy_seeds
[23Mai2026 12:25:28.809] [Worker-Main-14/WARN] [net.minecraft.client.resources.model.ModelManager/]: Missing textures in model astral_dimension:lucid_bell#facing=south:
    minecraft:textures/atlas/blocks.png:astral_dimension:block/
[23Mai2026 12:25:28.809] [Worker-Main-14/WARN] [net.minecraft.client.resources.model.ModelManager/]: Missing textures in model astral_dimension:lucid_bell#facing=east:
    minecraft:textures/atlas/blocks.png:astral_dimension:block/
[23Mai2026 12:25:28.809] [Worker-Main-14/WARN] [net.minecraft.client.resources.model.ModelManager/]: Missing textures in model astral_dimension:lucid_bell_cooldown#facing=west:
    minecraft:textures/atlas/blocks.png:astral_dimension:block/
[23Mai2026 12:25:28.809] [Worker-Main-14/WARN] [net.minecraft.client.resources.model.ModelManager/]: Missing textures in model astral_dimension:astral_trophy_spinning#inventory:
    minecraft:textures/atlas/blocks.png:minecraft:block/astral_trophy
[23Mai2026 12:25:28.809] [Worker-Main-14/WARN] [net.minecraft.client.resources.model.ModelManager/]: Missing textures in model astral_dimension:sludge_plant_stage_4#inventory:
    minecraft:textures/atlas/blocks.png:astral_dimension:item/sludgy_seeds
[23Mai2026 12:25:28.809] [Worker-Main-14/WARN] [net.minecraft.client.resources.model.ModelManager/]: Missing textures in model astral_dimension:sludge_plant_stage_2#inventory:
    minecraft:textures/atlas/blocks.png:astral_dimension:item/sludgy_seeds
[23Mai2026 12:25:28.809] [Worker-Main-14/WARN] [net.minecraft.client.resources.model.ModelManager/]: Missing textures in model astral_dimension:lucid_bell_cooldown#facing=east:
    minecraft:textures/atlas/blocks.png:astral_dimension:block/
[23Mai2026 12:25:28.809] [Worker-Main-14/WARN] [net.minecraft.client.resources.model.ModelManager/]: Missing textures in model astral_dimension:abandoned_wand#facing=north:
    minecraft:textures/atlas/blocks.png:astral_dimension:block/
[23Mai2026 12:25:28.809] [Worker-Main-14/WARN] [net.minecraft.client.resources.model.ModelManager/]: Missing textures in model astral_dimension:sludge_plant_stage_5#inventory:
    minecraft:textures/atlas/blocks.png:astral_dimension:item/sludgy_seeds
[23Mai2026 12:25:28.809] [Worker-Main-14/WARN] [net.minecraft.client.resources.model.ModelManager/]: Missing textures in model astral_dimension:lucid_bell#facing=north:
    minecraft:textures/atlas/blocks.png:astral_dimension:block/
[23Mai2026 12:25:28.809] [Worker-Main-14/WARN] [net.minecraft.client.resources.model.ModelManager/]: Missing textures in model astral_dimension:sewer_void_worm_egg#:
    minecraft:textures/atlas/blocks.png:astral_dimension:block/
[23Mai2026 12:25:28.809] [Worker-Main-14/WARN] [net.minecraft.client.resources.model.ModelManager/]: Missing textures in model astral_dimension:lucid_bell_cooldown#facing=north:
    minecraft:textures/atlas/blocks.png:astral_dimension:block/
[23Mai2026 12:25:28.809] [Worker-Main-14/WARN] [net.minecraft.client.resources.model.ModelManager/]: Missing textures in model astral_dimension:lucid_bell_cooldown#facing=south:
    minecraft:textures/atlas/blocks.png:astral_dimension:block/
[23Mai2026 12:25:28.809] [Worker-Main-14/WARN] [net.minecraft.client.resources.model.ModelManager/]: Missing textures in model astral_dimension:abandoned_wand#facing=south:
    minecraft:textures/atlas/blocks.png:astral_dimension:block/
[23Mai2026 12:25:28.809] [Worker-Main-14/WARN] [net.minecraft.client.resources.model.ModelManager/]: Missing textures in model astral_dimension:abandoned_wand#facing=east:
    minecraft:textures/atlas/blocks.png:astral_dimension:block/
[23Mai2026 12:25:28.809] [Worker-Main-14/WARN] [net.minecraft.client.resources.model.ModelManager/]: Missing textures in model astral_dimension:lucid_bell#facing=west:
    minecraft:textures/atlas/blocks.png:astral_dimension:block/
[23Mai2026 12:25:28.809] [Worker-Main-14/WARN] [net.minecraft.client.resources.model.ModelManager/]: Missing textures in model astral_dimension:abandoned_wand#facing=west:
    minecraft:textures/atlas/blocks.png:astral_dimension:block/
[23Mai2026 12:25:28.924] [Render thread/WARN] [net.minecraft.client.sounds.SoundEngine/]: Missing sound for event: minecraft:item.goat_horn.play
[23Mai2026 12:25:28.924] [Render thread/WARN] [net.minecraft.client.sounds.SoundEngine/]: Missing sound for event: minecraft:entity.goat.screaming.horn_break
[23Mai2026 12:25:28.994] [Render thread/INFO] [com.mojang.blaze3d.audio.Library/]: OpenAL initialized on device OpenAL Soft on Voicemeeter Input (VB-Audio Voicemeeter VAIO)
[23Mai2026 12:25:28.994] [Render thread/INFO] [net.minecraft.client.sounds.SoundEngine/SOUNDS]: Sound engine started
[23Mai2026 12:25:29.053] [Render thread/INFO] [net.minecraft.client.renderer.texture.TextureAtlas/]: Created: 2048x1024x4 minecraft:textures/atlas/blocks.png-atlas
[23Mai2026 12:25:29.078] [Render thread/INFO] [net.minecraft.client.renderer.texture.TextureAtlas/]: Created: 512x256x4 minecraft:textures/atlas/signs.png-atlas
[23Mai2026 12:25:29.079] [Render thread/INFO] [net.minecraft.client.renderer.texture.TextureAtlas/]: Created: 512x512x4 minecraft:textures/atlas/banner_patterns.png-atlas
[23Mai2026 12:25:29.080] [Render thread/INFO] [net.minecraft.client.renderer.texture.TextureAtlas/]: Created: 512x512x4 minecraft:textures/atlas/shield_patterns.png-atlas
[23Mai2026 12:25:29.080] [Render thread/INFO] [net.minecraft.client.renderer.texture.TextureAtlas/]: Created: 2048x1024x4 minecraft:textures/atlas/armor_trims.png-atlas
[23Mai2026 12:25:29.086] [Render thread/INFO] [net.minecraft.client.renderer.texture.TextureAtlas/]: Created: 128x64x4 minecraft:textures/atlas/decorated_pot.png-atlas
[23Mai2026 12:25:29.086] [Render thread/INFO] [net.minecraft.client.renderer.texture.TextureAtlas/]: Created: 512x512x4 minecraft:textures/atlas/chest.png-atlas
[23Mai2026 12:25:29.087] [Render thread/INFO] [net.minecraft.client.renderer.texture.TextureAtlas/]: Created: 512x256x4 minecraft:textures/atlas/shulker_boxes.png-atlas
[23Mai2026 12:25:29.087] [Render thread/INFO] [net.minecraft.client.renderer.texture.TextureAtlas/]: Created: 512x256x4 minecraft:textures/atlas/beds.png-atlas
[23Mai2026 12:25:29.103] [Render thread/INFO] [net.minecraft.client.renderer.texture.TextureAtlas/]: Created: 512x256x0 minecraft:textures/atlas/particles.png-atlas
[23Mai2026 12:25:29.104] [Render thread/INFO] [net.minecraft.client.renderer.texture.TextureAtlas/]: Created: 512x256x0 minecraft:textures/atlas/paintings.png-atlas
[23Mai2026 12:25:29.104] [Render thread/INFO] [net.minecraft.client.renderer.texture.TextureAtlas/]: Created: 256x128x0 minecraft:textures/atlas/mob_effects.png-atlas
[23Mai2026 12:25:29.104] [Render thread/INFO] [net.minecraft.client.renderer.texture.TextureAtlas/]: Created: 64x64x0 minecraft:textures/atlas/map_decorations.png-atlas
[23Mai2026 12:25:29.104] [Render thread/INFO] [net.minecraft.client.renderer.texture.TextureAtlas/]: Created: 1024x512x0 minecraft:textures/atlas/gui.png-atlas
[23Mai2026 12:25:29.114] [Render thread/WARN] [net.minecraft.client.renderer.ShaderInstance/]: Shader rendertype_entity_translucent_emissive could not find sampler named Sampler2 in the specified shader program.
[23Mai2026 12:25:29.133] [Render thread/WARN] [net.minecraft.client.renderer.ShaderInstance/]: Shader journeymap:sepia_3 could not find uniform named ColorModulator in the specified shader program.
[23Mai2026 12:25:29.134] [Render thread/WARN] [net.minecraft.client.renderer.ShaderInstance/]: Shader journeymap:sepia_2 could not find uniform named ColorModulator in the specified shader program.
[23Mai2026 12:25:29.134] [Render thread/WARN] [net.minecraft.client.renderer.ShaderInstance/]: Shader journeymap:sepia_1 could not find uniform named ColorModulator in the specified shader program.
[23Mai2026 12:25:29.142] [Render thread/INFO] [net.minecraft.client.renderer.texture.TextureAtlas/]: Created: 512x512x0 twilightforest:textures/atlas/magic_paintings.png-atlas
[23Mai2026 12:25:29.144] [Render thread/INFO] [net.neoforged.neoforge.client.entity.animation.json.AnimationLoader/]: Loaded 0 entity animations
[23Mai2026 12:25:56.649] [Render thread/INFO] [net.minecraft.client.gui.components.ChatComponent/]: [System] [CHAT] [GPS] Navigate to: 9
[23Mai2026 12:26:02.313] [Server thread/INFO] [net.minecraft.client.server.IntegratedServer/]: Saving and pausing game...
[23Mai2026 12:26:02.321] [Server thread/INFO] [net.minecraft.server.MinecraftServer/]: Saving chunks for level 'ServerLevel[Test]'/minecraft:overworld
[23Mai2026 12:26:02.329] [Server thread/INFO] [net.minecraft.server.MinecraftServer/]: Saving chunks for level 'ServerLevel[Test]'/undergarden:undergarden
[23Mai2026 12:26:02.330] [Server thread/INFO] [net.minecraft.server.MinecraftServer/]: Saving chunks for level 'ServerLevel[Test]'/astral_dimension:astral_dimension
[23Mai2026 12:26:02.330] [Server thread/INFO] [net.minecraft.server.MinecraftServer/]: Saving chunks for level 'ServerLevel[Test]'/the_bumblezone:the_bumblezone
[23Mai2026 12:26:02.330] [Server thread/INFO] [net.minecraft.server.MinecraftServer/]: Saving chunks for level 'ServerLevel[Test]'/minecraft:the_end
[23Mai2026 12:26:02.330] [Server thread/INFO] [net.minecraft.server.MinecraftServer/]: Saving chunks for level 'ServerLevel[Test]'/twilightforest:twilight_forest
[23Mai2026 12:26:02.330] [Server thread/INFO] [net.minecraft.server.MinecraftServer/]: Saving chunks for level 'ServerLevel[Test]'/minecraft:the_nether
[23Mai2026 12:26:02.330] [Server thread/INFO] [net.minecraft.server.MinecraftServer/]: Saving chunks for level 'ServerLevel[Test]'/astral_dimension:setback
[23Mai2026 12:26:02.967] [Server thread/INFO] [net.minecraft.server.network.ServerGamePacketListenerImpl/]: Dev lost connection: Disconnected
[23Mai2026 12:26:02.968] [Server thread/INFO] [net.minecraft.server.MinecraftServer/]: Dev left the game
[23Mai2026 12:26:02.977] [Server thread/INFO] [net.minecraft.server.network.ServerCommonPacketListenerImpl/]: Stopping singleplayer server as player logged out
[23Mai2026 12:26:03.028] [Server thread/INFO] [net.minecraft.server.MinecraftServer/]: Stopping server
[23Mai2026 12:26:03.028] [Server thread/INFO] [net.minecraft.server.MinecraftServer/]: Saving players
[23Mai2026 12:26:03.028] [Server thread/INFO] [net.minecraft.server.MinecraftServer/]: Saving worlds
[23Mai2026 12:26:03.106] [Server thread/INFO] [net.minecraft.server.MinecraftServer/]: Saving chunks for level 'ServerLevel[Test]'/minecraft:overworld
[23Mai2026 12:26:03.197] [Server thread/INFO] [net.minecraft.server.MinecraftServer/]: Saving chunks for level 'ServerLevel[Test]'/undergarden:undergarden
[23Mai2026 12:26:03.199] [Server thread/INFO] [net.minecraft.server.MinecraftServer/]: Saving chunks for level 'ServerLevel[Test]'/astral_dimension:astral_dimension
[23Mai2026 12:26:03.202] [Server thread/INFO] [net.minecraft.server.MinecraftServer/]: Saving chunks for level 'ServerLevel[Test]'/the_bumblezone:the_bumblezone
[23Mai2026 12:26:03.205] [Server thread/INFO] [net.minecraft.server.MinecraftServer/]: Saving chunks for level 'ServerLevel[Test]'/minecraft:the_end
[23Mai2026 12:26:03.208] [Server thread/INFO] [net.minecraft.server.MinecraftServer/]: Saving chunks for level 'ServerLevel[Test]'/twilightforest:twilight_forest
[23Mai2026 12:26:03.211] [Server thread/INFO] [net.minecraft.server.MinecraftServer/]: Saving chunks for level 'ServerLevel[Test]'/minecraft:the_nether
[23Mai2026 12:26:03.214] [Server thread/INFO] [net.minecraft.server.MinecraftServer/]: Saving chunks for level 'ServerLevel[Test]'/astral_dimension:setback
[23Mai2026 12:26:03.228] [Server thread/INFO] [net.minecraft.server.MinecraftServer/]: ThreadedAnvilChunkStorage (Test): All chunks are saved
[23Mai2026 12:26:03.228] [Server thread/INFO] [net.minecraft.server.MinecraftServer/]: ThreadedAnvilChunkStorage (undergarden): All chunks are saved
[23Mai2026 12:26:03.228] [Server thread/INFO] [net.minecraft.server.MinecraftServer/]: ThreadedAnvilChunkStorage (astral_dimension): All chunks are saved
[23Mai2026 12:26:03.228] [Server thread/INFO] [net.minecraft.server.MinecraftServer/]: ThreadedAnvilChunkStorage (the_bumblezone): All chunks are saved
[23Mai2026 12:26:03.228] [Server thread/INFO] [net.minecraft.server.MinecraftServer/]: ThreadedAnvilChunkStorage (DIM1): All chunks are saved
[23Mai2026 12:26:03.228] [Server thread/INFO] [net.minecraft.server.MinecraftServer/]: ThreadedAnvilChunkStorage (twilight_forest): All chunks are saved
[23Mai2026 12:26:03.228] [Server thread/INFO] [net.minecraft.server.MinecraftServer/]: ThreadedAnvilChunkStorage (DIM-1): All chunks are saved
[23Mai2026 12:26:03.228] [Server thread/INFO] [net.minecraft.server.MinecraftServer/]: ThreadedAnvilChunkStorage (setback): All chunks are saved
[23Mai2026 12:26:03.228] [Server thread/INFO] [net.minecraft.server.MinecraftServer/]: ThreadedAnvilChunkStorage: All dimensions are saved
[23Mai2026 12:26:10.736] [Render thread/INFO] [net.minecraft.server.packs.resources.ReloadableResourceManager/]: Reloading ResourceManager: vanilla, mod_resources, mod/resourcefullib, mod/geckolib, mod/undergarden, mod/commonnetworking, mod/the_bumblezone, mod/simplegps, mod/twilightforest, mod/reliquary, mod/journeymap_api, mod/athena, mod/journeymap, mod/neoforge, mod/astral_dimension
[23Mai2026 12:26:10.738] [Worker-Main-1/INFO] [net.minecraft.client.gui.font.providers.UnihexProvider/]: Found unifont_all_no_pua-15.1.05.hex, loading
[23Mai2026 12:26:10.740] [Worker-Main-15/INFO] [net.minecraft.client.gui.font.providers.UnihexProvider/]: Found unifont_jp_patch-15.1.05.hex, loading
[23Mai2026 12:26:10.881] [Worker-Main-11/WARN] [net.minecraft.client.renderer.texture.SpriteLoader/]: Texture astral_dimension:block/lucid_bell with size 64x35 limits mip level from 4 to 0
[23Mai2026 12:26:11.224] [Worker-Main-14/WARN] [net.minecraft.client.resources.model.ModelBakery/]: Unable to load model: 'minecraft:amethyst_helmet' referenced from: astral_dimension:block/amethyst_helmet: java.io.FileNotFoundException: minecraft:models/amethyst_helmet.json
[23Mai2026 12:26:11.224] [Worker-Main-14/WARN] [net.minecraft.client.resources.model.ModelBakery/]: Unable to load model: 'minecraft:amethyst_lantern' referenced from: astral_dimension:block/amethyst_lantern: java.io.FileNotFoundException: minecraft:models/amethyst_lantern.json
[23Mai2026 12:26:11.225] [Worker-Main-14/WARN] [net.minecraft.client.resources.model.ModelBakery/]: Unable to load model: 'minecraft:fiery_cactus' referenced from: astral_dimension:block/fiery_cactus: java.io.FileNotFoundException: minecraft:models/fiery_cactus.json
[23Mai2026 12:26:11.225] [Worker-Main-14/WARN] [net.minecraft.client.resources.model.ModelBakery/]: Unable to load model: 'minecraft:void_worm_egg' referenced from: astral_dimension:block/void_worm_egg: java.io.FileNotFoundException: minecraft:models/void_worm_egg.json
[23Mai2026 12:26:11.234] [Worker-Main-14/WARN] [net.minecraft.client.resources.model.ModelBakery/]: Unable to load model: 'minecraft:shade_chest' referenced from: astral_dimension:block/shade_chest: java.io.FileNotFoundException: minecraft:models/shade_chest.json
[23Mai2026 12:26:11.241] [Worker-Main-14/WARN] [net.minecraft.client.resources.model.ModelBakery/]: Unable to load model: 'minecraft:astranite_cauldron' referenced from: astral_dimension:block/astranite_cauldron: java.io.FileNotFoundException: minecraft:models/astranite_cauldron.json
[23Mai2026 12:26:11.242] [Worker-Main-14/WARN] [net.minecraft.client.resources.model.ModelBakery/]: Unable to load model: 'minecraft:solar_shrub' referenced from: astral_dimension:block/solar_shrub: java.io.FileNotFoundException: minecraft:models/solar_shrub.json
[23Mai2026 12:26:11.243] [Worker-Main-14/WARN] [net.minecraft.client.resources.model.ModelBakery/]: Unable to load model: 'minecraft:large_solar_shrub' referenced from: astral_dimension:block/large_solar_shrub: java.io.FileNotFoundException: minecraft:models/large_solar_shrub.json
[23Mai2026 12:26:11.243] [Worker-Main-14/WARN] [net.minecraft.client.resources.model.ModelBakery/]: Unable to load model: 'minecraft:firestorm_egg' referenced from: astral_dimension:block/firestorm_egg: java.io.FileNotFoundException: minecraft:models/firestorm_egg.json
[23Mai2026 12:26:11.243] [Worker-Main-14/WARN] [net.minecraft.client.resources.model.ModelBakery/]: Unable to load model: 'minecraft:hot_cake' referenced from: astral_dimension:block/hot_cake: java.io.FileNotFoundException: minecraft:models/hot_cake.json
[23Mai2026 12:26:11.244] [Worker-Main-14/WARN] [net.minecraft.client.resources.model.ModelBakery/]: Unable to load model: 'minecraft:hot_cake_2' referenced from: astral_dimension:block/hot_cake_2: java.io.FileNotFoundException: minecraft:models/hot_cake_2.json
[23Mai2026 12:26:11.244] [Worker-Main-14/WARN] [net.minecraft.client.resources.model.ModelBakery/]: Unable to load model: 'minecraft:hot_cake_3' referenced from: astral_dimension:block/hot_cake_3: java.io.FileNotFoundException: minecraft:models/hot_cake_3.json
[23Mai2026 12:26:11.244] [Worker-Main-14/WARN] [net.minecraft.client.resources.model.ModelBakery/]: Unable to load model: 'minecraft:hot_cake_4' referenced from: astral_dimension:block/hot_cake_4: java.io.FileNotFoundException: minecraft:models/hot_cake_4.json
[23Mai2026 12:26:11.244] [Worker-Main-14/WARN] [net.minecraft.client.resources.model.ModelBakery/]: Unable to load model: 'minecraft:hot_cake_5' referenced from: astral_dimension:block/hot_cake_5: java.io.FileNotFoundException: minecraft:models/hot_cake_5.json
[23Mai2026 12:26:11.244] [Worker-Main-14/WARN] [net.minecraft.client.resources.model.ModelBakery/]: Unable to load model: 'minecraft:sparkly_cake' referenced from: astral_dimension:block/sparkly_cake: java.io.FileNotFoundException: minecraft:models/sparkly_cake.json
[23Mai2026 12:26:11.244] [Worker-Main-14/WARN] [net.minecraft.client.resources.model.ModelBakery/]: Unable to load model: 'minecraft:sparkly_cake_2' referenced from: astral_dimension:block/sparkly_cake_2: java.io.FileNotFoundException: minecraft:models/sparkly_cake_2.json
[23Mai2026 12:26:11.244] [Worker-Main-14/WARN] [net.minecraft.client.resources.model.ModelBakery/]: Unable to load model: 'minecraft:sparkly_cake_3' referenced from: astral_dimension:block/sparkly_cake_3: java.io.FileNotFoundException: minecraft:models/sparkly_cake_3.json
[23Mai2026 12:26:11.244] [Worker-Main-14/WARN] [net.minecraft.client.resources.model.ModelBakery/]: Unable to load model: 'minecraft:sparkly_cake_4' referenced from: astral_dimension:block/sparkly_cake_4: java.io.FileNotFoundException: minecraft:models/sparkly_cake_4.json
[23Mai2026 12:26:11.244] [Worker-Main-14/WARN] [net.minecraft.client.resources.model.ModelBakery/]: Unable to load model: 'minecraft:sparkly_cake_5' referenced from: astral_dimension:block/sparkly_cake_5: java.io.FileNotFoundException: minecraft:models/sparkly_cake_5.json
[23Mai2026 12:26:11.244] [Worker-Main-14/WARN] [net.minecraft.client.resources.model.ModelBakery/]: Unable to load model: 'minecraft:ghoulish_pie' referenced from: astral_dimension:block/ghoulish_pie: java.io.FileNotFoundException: minecraft:models/ghoulish_pie.json
[23Mai2026 12:26:11.244] [Worker-Main-14/WARN] [net.minecraft.client.resources.model.ModelBakery/]: Unable to load model: 'minecraft:ghoulish_pie_2' referenced from: astral_dimension:block/ghoulish_pie_2: java.io.FileNotFoundException: minecraft:models/ghoulish_pie_2.json
[23Mai2026 12:26:11.244] [Worker-Main-14/WARN] [net.minecraft.client.resources.model.ModelBakery/]: Unable to load model: 'minecraft:ghoulish_pie_3' referenced from: astral_dimension:block/ghoulish_pie_3: java.io.FileNotFoundException: minecraft:models/ghoulish_pie_3.json
[23Mai2026 12:26:11.244] [Worker-Main-14/WARN] [net.minecraft.client.resources.model.ModelBakery/]: Unable to load model: 'minecraft:ghoulish_pie_4' referenced from: astral_dimension:block/ghoulish_pie_4: java.io.FileNotFoundException: minecraft:models/ghoulish_pie_4.json
[23Mai2026 12:26:11.245] [Worker-Main-14/WARN] [net.minecraft.client.resources.model.ModelBakery/]: Unable to load model: 'minecraft:ghoulish_pie_5' referenced from: astral_dimension:block/ghoulish_pie_5: java.io.FileNotFoundException: minecraft:models/ghoulish_pie_5.json
[23Mai2026 12:26:11.245] [Worker-Main-14/WARN] [net.minecraft.client.resources.model.ModelBakery/]: Unable to load model: 'minecraft:magma_puffball' referenced from: astral_dimension:block/magma_puffball: java.io.FileNotFoundException: minecraft:models/magma_puffball.json
[23Mai2026 12:26:11.245] [Worker-Main-14/WARN] [net.minecraft.client.resources.model.ModelBakery/]: Unable to load model: 'minecraft:astranite_cage' referenced from: astral_dimension:block/astranite_cage: java.io.FileNotFoundException: minecraft:models/astranite_cage.json
[23Mai2026 12:26:11.258] [Worker-Main-14/WARN] [net.minecraft.client.resources.model.ModelBakery/]: Unable to load model: 'minecraft:megvin_egg' referenced from: astral_dimension:block/megvin_egg: java.io.FileNotFoundException: minecraft:models/megvin_egg.json
[23Mai2026 12:26:11.261] [Worker-Main-14/WARN] [net.minecraft.client.resources.model.ModelBakery/]: Unable to load model: 'minecraft:sewer_void_worm_egg' referenced from: astral_dimension:block/sewer_void_worm_egg: java.io.FileNotFoundException: minecraft:models/sewer_void_worm_egg.json
[23Mai2026 12:26:11.261] [Worker-Main-14/WARN] [net.minecraft.client.resources.model.ModelBakery/]: Unable to load model: 'minecraft:lucid_bell' referenced from: astral_dimension:block/lucid_bell: java.io.FileNotFoundException: minecraft:models/lucid_bell.json
[23Mai2026 12:26:11.262] [Worker-Main-14/WARN] [net.minecraft.client.resources.model.ModelBakery/]: Unable to load model: 'minecraft:supreme_altar' referenced from: astral_dimension:block/supreme_altar: java.io.FileNotFoundException: minecraft:models/supreme_altar.json
[23Mai2026 12:26:11.262] [Worker-Main-14/WARN] [net.minecraft.client.resources.model.ModelBakery/]: Unable to load model: 'minecraft:supreme_altar_ready' referenced from: astral_dimension:block/supreme_altar_ready: java.io.FileNotFoundException: minecraft:models/supreme_altar_ready.json
[23Mai2026 12:26:11.839] [Worker-Main-14/WARN] [net.minecraft.client.resources.model.ModelManager/]: Missing textures in model astral_dimension:sludge_plant_stage_3#inventory:
    minecraft:textures/atlas/blocks.png:astral_dimension:item/sludgy_seeds
[23Mai2026 12:26:11.840] [Worker-Main-14/WARN] [net.minecraft.client.resources.model.ModelManager/]: Missing textures in model astral_dimension:lucid_bell#facing=south:
    minecraft:textures/atlas/blocks.png:astral_dimension:block/
[23Mai2026 12:26:11.840] [Worker-Main-14/WARN] [net.minecraft.client.resources.model.ModelManager/]: Missing textures in model astral_dimension:lucid_bell#facing=east:
    minecraft:textures/atlas/blocks.png:astral_dimension:block/
[23Mai2026 12:26:11.840] [Worker-Main-14/WARN] [net.minecraft.client.resources.model.ModelManager/]: Missing textures in model astral_dimension:lucid_bell_cooldown#facing=west:
    minecraft:textures/atlas/blocks.png:astral_dimension:block/
[23Mai2026 12:26:11.840] [Worker-Main-14/WARN] [net.minecraft.client.resources.model.ModelManager/]: Missing textures in model astral_dimension:astral_trophy_spinning#inventory:
    minecraft:textures/atlas/blocks.png:minecraft:block/astral_trophy
[23Mai2026 12:26:11.840] [Worker-Main-14/WARN] [net.minecraft.client.resources.model.ModelManager/]: Missing textures in model astral_dimension:sludge_plant_stage_4#inventory:
    minecraft:textures/atlas/blocks.png:astral_dimension:item/sludgy_seeds
[23Mai2026 12:26:11.840] [Worker-Main-14/WARN] [net.minecraft.client.resources.model.ModelManager/]: Missing textures in model astral_dimension:sludge_plant_stage_2#inventory:
    minecraft:textures/atlas/blocks.png:astral_dimension:item/sludgy_seeds
[23Mai2026 12:26:11.840] [Worker-Main-14/WARN] [net.minecraft.client.resources.model.ModelManager/]: Missing textures in model astral_dimension:lucid_bell_cooldown#facing=east:
    minecraft:textures/atlas/blocks.png:astral_dimension:block/
[23Mai2026 12:26:11.840] [Worker-Main-14/WARN] [net.minecraft.client.resources.model.ModelManager/]: Missing textures in model astral_dimension:abandoned_wand#facing=north:
    minecraft:textures/atlas/blocks.png:astral_dimension:block/
[23Mai2026 12:26:11.840] [Worker-Main-14/WARN] [net.minecraft.client.resources.model.ModelManager/]: Missing textures in model astral_dimension:sludge_plant_stage_5#inventory:
    minecraft:textures/atlas/blocks.png:astral_dimension:item/sludgy_seeds
[23Mai2026 12:26:11.840] [Worker-Main-14/WARN] [net.minecraft.client.resources.model.ModelManager/]: Missing textures in model astral_dimension:lucid_bell#facing=north:
    minecraft:textures/atlas/blocks.png:astral_dimension:block/
[23Mai2026 12:26:11.840] [Worker-Main-14/WARN] [net.minecraft.client.resources.model.ModelManager/]: Missing textures in model astral_dimension:sewer_void_worm_egg#:
    minecraft:textures/atlas/blocks.png:astral_dimension:block/
[23Mai2026 12:26:11.840] [Worker-Main-14/WARN] [net.minecraft.client.resources.model.ModelManager/]: Missing textures in model astral_dimension:lucid_bell_cooldown#facing=north:
    minecraft:textures/atlas/blocks.png:astral_dimension:block/
[23Mai2026 12:26:11.840] [Worker-Main-14/WARN] [net.minecraft.client.resources.model.ModelManager/]: Missing textures in model astral_dimension:lucid_bell_cooldown#facing=south:
    minecraft:textures/atlas/blocks.png:astral_dimension:block/
[23Mai2026 12:26:11.840] [Worker-Main-14/WARN] [net.minecraft.client.resources.model.ModelManager/]: Missing textures in model astral_dimension:abandoned_wand#facing=south:
    minecraft:textures/atlas/blocks.png:astral_dimension:block/
[23Mai2026 12:26:11.840] [Worker-Main-14/WARN] [net.minecraft.client.resources.model.ModelManager/]: Missing textures in model astral_dimension:abandoned_wand#facing=east:
    minecraft:textures/atlas/blocks.png:astral_dimension:block/
[23Mai2026 12:26:11.840] [Worker-Main-14/WARN] [net.minecraft.client.resources.model.ModelManager/]: Missing textures in model astral_dimension:lucid_bell#facing=west:
    minecraft:textures/atlas/blocks.png:astral_dimension:block/
[23Mai2026 12:26:11.840] [Worker-Main-14/WARN] [net.minecraft.client.resources.model.ModelManager/]: Missing textures in model astral_dimension:abandoned_wand#facing=west:
    minecraft:textures/atlas/blocks.png:astral_dimension:block/
[23Mai2026 12:26:11.989] [Render thread/WARN] [net.minecraft.client.sounds.SoundEngine/]: Missing sound for event: minecraft:item.goat_horn.play
[23Mai2026 12:26:11.990] [Render thread/WARN] [net.minecraft.client.sounds.SoundEngine/]: Missing sound for event: minecraft:entity.goat.screaming.horn_break
[23Mai2026 12:26:12.057] [Render thread/INFO] [com.mojang.blaze3d.audio.Library/]: OpenAL initialized on device OpenAL Soft on Voicemeeter Input (VB-Audio Voicemeeter VAIO)
[23Mai2026 12:26:12.058] [Render thread/INFO] [net.minecraft.client.sounds.SoundEngine/SOUNDS]: Sound engine started
[23Mai2026 12:26:12.122] [Render thread/INFO] [net.minecraft.client.renderer.texture.TextureAtlas/]: Created: 2048x1024x4 minecraft:textures/atlas/blocks.png-atlas
[23Mai2026 12:26:12.147] [Render thread/INFO] [net.minecraft.client.renderer.texture.TextureAtlas/]: Created: 512x256x4 minecraft:textures/atlas/signs.png-atlas
[23Mai2026 12:26:12.147] [Render thread/INFO] [net.minecraft.client.renderer.texture.TextureAtlas/]: Created: 512x512x4 minecraft:textures/atlas/banner_patterns.png-atlas
[23Mai2026 12:26:12.148] [Render thread/INFO] [net.minecraft.client.renderer.texture.TextureAtlas/]: Created: 512x512x4 minecraft:textures/atlas/shield_patterns.png-atlas
[23Mai2026 12:26:12.148] [Render thread/INFO] [net.minecraft.client.renderer.texture.TextureAtlas/]: Created: 2048x1024x4 minecraft:textures/atlas/armor_trims.png-atlas
[23Mai2026 12:26:12.153] [Render thread/INFO] [net.minecraft.client.renderer.texture.TextureAtlas/]: Created: 128x64x4 minecraft:textures/atlas/decorated_pot.png-atlas
[23Mai2026 12:26:12.153] [Render thread/INFO] [net.minecraft.client.renderer.texture.TextureAtlas/]: Created: 512x512x4 minecraft:textures/atlas/chest.png-atlas
[23Mai2026 12:26:12.153] [Render thread/INFO] [net.minecraft.client.renderer.texture.TextureAtlas/]: Created: 512x256x4 minecraft:textures/atlas/shulker_boxes.png-atlas
[23Mai2026 12:26:12.153] [Render thread/INFO] [net.minecraft.client.renderer.texture.TextureAtlas/]: Created: 512x256x4 minecraft:textures/atlas/beds.png-atlas
[23Mai2026 12:26:12.164] [Render thread/INFO] [net.minecraft.client.renderer.texture.TextureAtlas/]: Created: 512x256x0 minecraft:textures/atlas/particles.png-atlas
[23Mai2026 12:26:12.165] [Render thread/INFO] [net.minecraft.client.renderer.texture.TextureAtlas/]: Created: 512x256x0 minecraft:textures/atlas/paintings.png-atlas
[23Mai2026 12:26:12.165] [Render thread/INFO] [net.minecraft.client.renderer.texture.TextureAtlas/]: Created: 256x128x0 minecraft:textures/atlas/mob_effects.png-atlas
[23Mai2026 12:26:12.165] [Render thread/INFO] [net.minecraft.client.renderer.texture.TextureAtlas/]: Created: 64x64x0 minecraft:textures/atlas/map_decorations.png-atlas
[23Mai2026 12:26:12.165] [Render thread/INFO] [net.minecraft.client.renderer.texture.TextureAtlas/]: Created: 1024x512x0 minecraft:textures/atlas/gui.png-atlas
[23Mai2026 12:26:12.173] [Render thread/WARN] [net.minecraft.client.renderer.ShaderInstance/]: Shader rendertype_entity_translucent_emissive could not find sampler named Sampler2 in the specified shader program.
[23Mai2026 12:26:12.191] [Render thread/WARN] [net.minecraft.client.renderer.ShaderInstance/]: Shader journeymap:sepia_3 could not find uniform named ColorModulator in the specified shader program.
[23Mai2026 12:26:12.191] [Render thread/WARN] [net.minecraft.client.renderer.ShaderInstance/]: Shader journeymap:sepia_2 could not find uniform named ColorModulator in the specified shader program.
[23Mai2026 12:26:12.192] [Render thread/WARN] [net.minecraft.client.renderer.ShaderInstance/]: Shader journeymap:sepia_1 could not find uniform named ColorModulator in the specified shader program.
[23Mai2026 12:26:12.200] [Render thread/INFO] [net.minecraft.client.renderer.texture.TextureAtlas/]: Created: 512x512x0 twilightforest:textures/atlas/magic_paintings.png-atlas
[23Mai2026 12:26:12.202] [Render thread/INFO] [net.neoforged.neoforge.client.entity.animation.json.AnimationLoader/]: Loaded 0 entity animations
[23Mai2026 12:26:53.243] [Render thread/INFO] [net.minecraft.client.Minecraft/]: Stopping!
